running egg_info
creating ../../build/distance_pkg/distance_pkg.egg-info
writing ../../build/distance_pkg/distance_pkg.egg-info/PKG-INFO
writing dependency_links to ../../build/distance_pkg/distance_pkg.egg-info/dependency_links.txt
writing entry points to ../../build/distance_pkg/distance_pkg.egg-info/entry_points.txt
writing requirements to ../../build/distance_pkg/distance_pkg.egg-info/requires.txt
writing top-level names to ../../build/distance_pkg/distance_pkg.egg-info/top_level.txt
writing manifest file '../../build/distance_pkg/distance_pkg.egg-info/SOURCES.txt'
reading manifest file '../../build/distance_pkg/distance_pkg.egg-info/SOURCES.txt'
writing manifest file '../../build/distance_pkg/distance_pkg.egg-info/SOURCES.txt'
running build
running build_py
creating /home/ryzzo/ros2_ws/build/distance_pkg/build
creating /home/ryzzo/ros2_ws/build/distance_pkg/build/lib
creating /home/ryzzo/ros2_ws/build/distance_pkg/build/lib/distance_pkg
copying distance_pkg/__init__.py -> /home/ryzzo/ros2_ws/build/distance_pkg/build/lib/distance_pkg
copying distance_pkg/distance_subscriber.py -> /home/ryzzo/ros2_ws/build/distance_pkg/build/lib/distance_pkg
copying distance_pkg/distance_publisher.py -> /home/ryzzo/ros2_ws/build/distance_pkg/build/lib/distance_pkg
running install
running install_lib
creating /home/ryzzo/ros2_ws/install/distance_pkg/lib/python3.10/site-packages/distance_pkg
copying /home/ryzzo/ros2_ws/build/distance_pkg/build/lib/distance_pkg/__init__.py -> /home/ryzzo/ros2_ws/install/distance_pkg/lib/python3.10/site-packages/distance_pkg
copying /home/ryzzo/ros2_ws/build/distance_pkg/build/lib/distance_pkg/distance_subscriber.py -> /home/ryzzo/ros2_ws/install/distance_pkg/lib/python3.10/site-packages/distance_pkg
copying /home/ryzzo/ros2_ws/build/distance_pkg/build/lib/distance_pkg/distance_publisher.py -> /home/ryzzo/ros2_ws/install/distance_pkg/lib/python3.10/site-packages/distance_pkg
byte-compiling /home/ryzzo/ros2_ws/install/distance_pkg/lib/python3.10/site-packages/distance_pkg/__init__.py to __init__.cpython-310.pyc
byte-compiling /home/ryzzo/ros2_ws/install/distance_pkg/lib/python3.10/site-packages/distance_pkg/distance_subscriber.py to distance_subscriber.cpython-310.pyc
byte-compiling /home/ryzzo/ros2_ws/install/distance_pkg/lib/python3.10/site-packages/distance_pkg/distance_publisher.py to distance_publisher.cpython-310.pyc
running install_data
creating /home/ryzzo/ros2_ws/install/distance_pkg/share/ament_index
creating /home/ryzzo/ros2_ws/install/distance_pkg/share/ament_index/resource_index
creating /home/ryzzo/ros2_ws/install/distance_pkg/share/ament_index/resource_index/packages
copying resource/distance_pkg -> /home/ryzzo/ros2_ws/install/distance_pkg/share/ament_index/resource_index/packages
copying package.xml -> /home/ryzzo/ros2_ws/install/distance_pkg/share/distance_pkg
running install_egg_info
Copying ../../build/distance_pkg/distance_pkg.egg-info to /home/ryzzo/ros2_ws/install/distance_pkg/lib/python3.10/site-packages/distance_pkg-0.0.0-py3.10.egg-info
running install_scripts
Installing distance_publisher script to /home/ryzzo/ros2_ws/install/distance_pkg/lib/distance_pkg
Installing distance_subscriber script to /home/ryzzo/ros2_ws/install/distance_pkg/lib/distance_pkg
writing list of installed files to '/home/ryzzo/ros2_ws/build/distance_pkg/install.log'
