[3.280s] Invoking command in '/home/ryzzo/ros2_ws/src/distance_pkg': PYTHONPATH=/home/ryzzo/ros2_ws/build/distance_pkg/prefix_override:/usr/lib/python3/dist-packages/colcon_core/task/python/colcon_distutils_commands:/home/ryzzo/ros2_ws/install/distance_pkg/lib/python3.10/site-packages:${PYTHONPATH} VIRTUAL_ENV_PROMPT=(ros_venv) /usr/bin/python3 -W ignore:setup.py install is deprecated -W ignore:easy_install command is deprecated setup.py egg_info --egg-base ../../build/distance_pkg build --build-base /home/ryzzo/ros2_ws/build/distance_pkg/build install --record /home/ryzzo/ros2_ws/build/distance_pkg/install.log --install-scripts $base/lib/distance_pkg --single-version-externally-managed install_data
[4.370s] running egg_info
[4.372s] creating ../../build/distance_pkg/distance_pkg.egg-info
[4.373s] writing ../../build/distance_pkg/distance_pkg.egg-info/PKG-INFO
[4.374s] writing dependency_links to ../../build/distance_pkg/distance_pkg.egg-info/dependency_links.txt
[4.375s] writing entry points to ../../build/distance_pkg/distance_pkg.egg-info/entry_points.txt
[4.376s] writing requirements to ../../build/distance_pkg/distance_pkg.egg-info/requires.txt
[4.376s] writing top-level names to ../../build/distance_pkg/distance_pkg.egg-info/top_level.txt
[4.377s] writing manifest file '../../build/distance_pkg/distance_pkg.egg-info/SOURCES.txt'
[4.386s] reading manifest file '../../build/distance_pkg/distance_pkg.egg-info/SOURCES.txt'
[4.389s] writing manifest file '../../build/distance_pkg/distance_pkg.egg-info/SOURCES.txt'
[4.390s] running build
[4.390s] running build_py
[4.391s] creating /home/ryzzo/ros2_ws/build/distance_pkg/build
[4.392s] creating /home/ryzzo/ros2_ws/build/distance_pkg/build/lib
[4.392s] creating /home/ryzzo/ros2_ws/build/distance_pkg/build/lib/distance_pkg
[4.393s] copying distance_pkg/__init__.py -> /home/ryzzo/ros2_ws/build/distance_pkg/build/lib/distance_pkg
[4.393s] copying distance_pkg/distance_subscriber.py -> /home/ryzzo/ros2_ws/build/distance_pkg/build/lib/distance_pkg
[4.394s] copying distance_pkg/distance_publisher.py -> /home/ryzzo/ros2_ws/build/distance_pkg/build/lib/distance_pkg
[4.395s] running install
[4.396s] running install_lib
[4.400s] creating /home/ryzzo/ros2_ws/install/distance_pkg/lib/python3.10/site-packages/distance_pkg
[4.400s] copying /home/ryzzo/ros2_ws/build/distance_pkg/build/lib/distance_pkg/__init__.py -> /home/ryzzo/ros2_ws/install/distance_pkg/lib/python3.10/site-packages/distance_pkg
[4.401s] copying /home/ryzzo/ros2_ws/build/distance_pkg/build/lib/distance_pkg/distance_subscriber.py -> /home/ryzzo/ros2_ws/install/distance_pkg/lib/python3.10/site-packages/distance_pkg
[4.402s] copying /home/ryzzo/ros2_ws/build/distance_pkg/build/lib/distance_pkg/distance_publisher.py -> /home/ryzzo/ros2_ws/install/distance_pkg/lib/python3.10/site-packages/distance_pkg
[4.405s] byte-compiling /home/ryzzo/ros2_ws/install/distance_pkg/lib/python3.10/site-packages/distance_pkg/__init__.py to __init__.cpython-310.pyc
[4.407s] byte-compiling /home/ryzzo/ros2_ws/install/distance_pkg/lib/python3.10/site-packages/distance_pkg/distance_subscriber.py to distance_subscriber.cpython-310.pyc
[4.409s] byte-compiling /home/ryzzo/ros2_ws/install/distance_pkg/lib/python3.10/site-packages/distance_pkg/distance_publisher.py to distance_publisher.cpython-310.pyc
[4.412s] running install_data
[4.413s] creating /home/ryzzo/ros2_ws/install/distance_pkg/share/ament_index
[4.413s] creating /home/ryzzo/ros2_ws/install/distance_pkg/share/ament_index/resource_index
[4.414s] creating /home/ryzzo/ros2_ws/install/distance_pkg/share/ament_index/resource_index/packages
[4.414s] copying resource/distance_pkg -> /home/ryzzo/ros2_ws/install/distance_pkg/share/ament_index/resource_index/packages
[4.415s] copying package.xml -> /home/ryzzo/ros2_ws/install/distance_pkg/share/distance_pkg
[4.415s] running install_egg_info
[4.423s] Copying ../../build/distance_pkg/distance_pkg.egg-info to /home/ryzzo/ros2_ws/install/distance_pkg/lib/python3.10/site-packages/distance_pkg-0.0.0-py3.10.egg-info
[4.429s] running install_scripts
[4.523s] Installing distance_publisher script to /home/ryzzo/ros2_ws/install/distance_pkg/lib/distance_pkg
[4.524s] Installing distance_subscriber script to /home/ryzzo/ros2_ws/install/distance_pkg/lib/distance_pkg
[4.526s] writing list of installed files to '/home/ryzzo/ros2_ws/build/distance_pkg/install.log'
[4.646s] Invoked command in '/home/ryzzo/ros2_ws/src/distance_pkg' returned '0': PYTHONPATH=/home/ryzzo/ros2_ws/build/distance_pkg/prefix_override:/usr/lib/python3/dist-packages/colcon_core/task/python/colcon_distutils_commands:/home/ryzzo/ros2_ws/install/distance_pkg/lib/python3.10/site-packages:${PYTHONPATH} VIRTUAL_ENV_PROMPT=(ros_venv) /usr/bin/python3 -W ignore:setup.py install is deprecated -W ignore:easy_install command is deprecated setup.py egg_info --egg-base ../../build/distance_pkg build --build-base /home/ryzzo/ros2_ws/build/distance_pkg/build install --record /home/ryzzo/ros2_ws/build/distance_pkg/install.log --install-scripts $base/lib/distance_pkg --single-version-externally-managed install_data
