[0.518s] DEBUG:colcon:Command line arguments: ['/usr/bin/colcon', 'build', '--packages-select', 'distance_pkg']
[0.518s] DEBUG:colcon:Parsed command line arguments: Namespace(log_base=None, log_level=None, verb_name='build', build_base='build', install_base='install', merge_install=False, symlink_install=False, test_result_base=None, continue_on_error=False, executor='parallel', parallel_workers=4, event_handlers=None, ignore_user_meta=False, metas=['./colcon.meta'], base_paths=['.'], packages_ignore=None, packages_ignore_regex=None, paths=None, packages_up_to=None, packages_up_to_regex=None, packages_above=None, packages_above_and_dependencies=None, packages_above_depth=None, packages_select_by_dep=None, packages_skip_by_dep=None, packages_skip_up_to=None, packages_select_build_failed=False, packages_skip_build_finished=False, packages_select_test_failures=False, packages_skip_test_passed=False, packages_select=['distance_pkg'], packages_skip=None, packages_select_regex=None, packages_skip_regex=None, packages_start=None, packages_end=None, allow_overriding=[], cmake_args=None, cmake_target=None, cmake_target_skip_unavailable=False, cmake_clean_cache=False, cmake_clean_first=False, cmake_force_configure=False, ament_cmake_args=None, catkin_cmake_args=None, catkin_skip_building_tests=False, verb_parser=<colcon_defaults.argument_parser.defaults.DefaultArgumentsDecorator object at 0xffff83cdddb0>, verb_extension=<colcon_core.verb.build.BuildVerb object at 0xffff83de7520>, main=<bound method BuildVerb.main of <colcon_core.verb.build.BuildVerb object at 0xffff83de7520>>)
[1.357s] Level 1:colcon.colcon_core.package_discovery:discover_packages(colcon_meta) check parameters
[1.358s] Level 1:colcon.colcon_core.package_discovery:discover_packages(recursive) check parameters
[1.358s] Level 1:colcon.colcon_core.package_discovery:discover_packages(ignore) check parameters
[1.358s] Level 1:colcon.colcon_core.package_discovery:discover_packages(path) check parameters
[1.358s] Level 1:colcon.colcon_core.package_discovery:discover_packages(colcon_meta) discover
[1.359s] Level 1:colcon.colcon_core.package_discovery:discover_packages(recursive) discover
[1.359s] INFO:colcon.colcon_core.package_discovery:Crawling recursively for packages in '/home/ryzzo/ros2_ws'
[1.359s] Level 1:colcon.colcon_core.package_identification:_identify(.) by extensions ['ignore', 'ignore_ament_install']
[1.360s] Level 1:colcon.colcon_core.package_identification:_identify(.) by extension 'ignore'
[1.361s] Level 1:colcon.colcon_core.package_identification:_identify(.) by extension 'ignore_ament_install'
[1.361s] Level 1:colcon.colcon_core.package_identification:_identify(.) by extensions ['colcon_pkg']
[1.361s] Level 1:colcon.colcon_core.package_identification:_identify(.) by extension 'colcon_pkg'
[1.361s] Level 1:colcon.colcon_core.package_identification:_identify(.) by extensions ['colcon_meta']
[1.362s] Level 1:colcon.colcon_core.package_identification:_identify(.) by extension 'colcon_meta'
[1.362s] Level 1:colcon.colcon_core.package_identification:_identify(.) by extensions ['ros']
[1.362s] Level 1:colcon.colcon_core.package_identification:_identify(.) by extension 'ros'
[1.413s] Level 1:colcon.colcon_core.package_identification:_identify(.) by extensions ['cmake', 'python']
[1.413s] Level 1:colcon.colcon_core.package_identification:_identify(.) by extension 'cmake'
[1.413s] Level 1:colcon.colcon_core.package_identification:_identify(.) by extension 'python'
[1.414s] Level 1:colcon.colcon_core.package_identification:_identify(.) by extensions ['python_setup_py']
[1.414s] Level 1:colcon.colcon_core.package_identification:_identify(.) by extension 'python_setup_py'
[1.414s] Level 1:colcon.colcon_core.package_identification:_identify(build) by extensions ['ignore', 'ignore_ament_install']
[1.415s] Level 1:colcon.colcon_core.package_identification:_identify(build) by extension 'ignore'
[1.415s] Level 1:colcon.colcon_core.package_identification:_identify(build) ignored
[1.415s] Level 1:colcon.colcon_core.package_identification:_identify(install) by extensions ['ignore', 'ignore_ament_install']
[1.416s] Level 1:colcon.colcon_core.package_identification:_identify(install) by extension 'ignore'
[1.416s] Level 1:colcon.colcon_core.package_identification:_identify(install) ignored
[1.417s] Level 1:colcon.colcon_core.package_identification:_identify(log) by extensions ['ignore', 'ignore_ament_install']
[1.417s] Level 1:colcon.colcon_core.package_identification:_identify(log) by extension 'ignore'
[1.417s] Level 1:colcon.colcon_core.package_identification:_identify(log) ignored
[1.418s] Level 1:colcon.colcon_core.package_identification:_identify(src) by extensions ['ignore', 'ignore_ament_install']
[1.418s] Level 1:colcon.colcon_core.package_identification:_identify(src) by extension 'ignore'
[1.418s] Level 1:colcon.colcon_core.package_identification:_identify(src) by extension 'ignore_ament_install'
[1.418s] Level 1:colcon.colcon_core.package_identification:_identify(src) by extensions ['colcon_pkg']
[1.419s] Level 1:colcon.colcon_core.package_identification:_identify(src) by extension 'colcon_pkg'
[1.419s] Level 1:colcon.colcon_core.package_identification:_identify(src) by extensions ['colcon_meta']
[1.419s] Level 1:colcon.colcon_core.package_identification:_identify(src) by extension 'colcon_meta'
[1.419s] Level 1:colcon.colcon_core.package_identification:_identify(src) by extensions ['ros']
[1.419s] Level 1:colcon.colcon_core.package_identification:_identify(src) by extension 'ros'
[1.420s] Level 1:colcon.colcon_core.package_identification:_identify(src) by extensions ['cmake', 'python']
[1.420s] Level 1:colcon.colcon_core.package_identification:_identify(src) by extension 'cmake'
[1.420s] Level 1:colcon.colcon_core.package_identification:_identify(src) by extension 'python'
[1.420s] Level 1:colcon.colcon_core.package_identification:_identify(src) by extensions ['python_setup_py']
[1.420s] Level 1:colcon.colcon_core.package_identification:_identify(src) by extension 'python_setup_py'
[1.421s] Level 1:colcon.colcon_core.package_identification:_identify(src/distance_pkg) by extensions ['ignore', 'ignore_ament_install']
[1.421s] Level 1:colcon.colcon_core.package_identification:_identify(src/distance_pkg) by extension 'ignore'
[1.421s] Level 1:colcon.colcon_core.package_identification:_identify(src/distance_pkg) by extension 'ignore_ament_install'
[1.422s] Level 1:colcon.colcon_core.package_identification:_identify(src/distance_pkg) by extensions ['colcon_pkg']
[1.422s] Level 1:colcon.colcon_core.package_identification:_identify(src/distance_pkg) by extension 'colcon_pkg'
[1.422s] Level 1:colcon.colcon_core.package_identification:_identify(src/distance_pkg) by extensions ['colcon_meta']
[1.422s] Level 1:colcon.colcon_core.package_identification:_identify(src/distance_pkg) by extension 'colcon_meta'
[1.422s] Level 1:colcon.colcon_core.package_identification:_identify(src/distance_pkg) by extensions ['ros']
[1.423s] Level 1:colcon.colcon_core.package_identification:_identify(src/distance_pkg) by extension 'ros'
[1.433s] DEBUG:colcon.colcon_core.package_identification:Package 'src/distance_pkg' with type 'ros.ament_python' and name 'distance_pkg'
[1.433s] Level 1:colcon.colcon_core.package_discovery:discover_packages(recursive) using defaults
[1.433s] Level 1:colcon.colcon_core.package_discovery:discover_packages(ignore) discover
[1.433s] Level 1:colcon.colcon_core.package_discovery:discover_packages(ignore) using defaults
[1.434s] Level 1:colcon.colcon_core.package_discovery:discover_packages(path) discover
[1.434s] Level 1:colcon.colcon_core.package_discovery:discover_packages(path) using defaults
[1.528s] Level 1:colcon.colcon_core.package_discovery:discover_packages(prefix_path) check parameters
[1.528s] Level 1:colcon.colcon_core.package_discovery:discover_packages(prefix_path) discover
[1.542s] DEBUG:colcon.colcon_installed_package_information.package_discovery:Found 184 installed packages in /opt/ros/humble
[1.547s] Level 1:colcon.colcon_core.package_discovery:discover_packages(prefix_path) using defaults
[1.675s] Level 5:colcon.colcon_core.verb:set package 'distance_pkg' build argument 'cmake_args' from command line to 'None'
[1.676s] Level 5:colcon.colcon_core.verb:set package 'distance_pkg' build argument 'cmake_target' from command line to 'None'
[1.676s] Level 5:colcon.colcon_core.verb:set package 'distance_pkg' build argument 'cmake_target_skip_unavailable' from command line to 'False'
[1.676s] Level 5:colcon.colcon_core.verb:set package 'distance_pkg' build argument 'cmake_clean_cache' from command line to 'False'
[1.676s] Level 5:colcon.colcon_core.verb:set package 'distance_pkg' build argument 'cmake_clean_first' from command line to 'False'
[1.676s] Level 5:colcon.colcon_core.verb:set package 'distance_pkg' build argument 'cmake_force_configure' from command line to 'False'
[1.676s] Level 5:colcon.colcon_core.verb:set package 'distance_pkg' build argument 'ament_cmake_args' from command line to 'None'
[1.677s] Level 5:colcon.colcon_core.verb:set package 'distance_pkg' build argument 'catkin_cmake_args' from command line to 'None'
[1.677s] Level 5:colcon.colcon_core.verb:set package 'distance_pkg' build argument 'catkin_skip_building_tests' from command line to 'False'
[1.677s] DEBUG:colcon.colcon_core.verb:Building package 'distance_pkg' with the following arguments: {'ament_cmake_args': None, 'build_base': '/home/ryzzo/ros2_ws/build/distance_pkg', 'catkin_cmake_args': None, 'catkin_skip_building_tests': False, 'cmake_args': None, 'cmake_clean_cache': False, 'cmake_clean_first': False, 'cmake_force_configure': False, 'cmake_target': None, 'cmake_target_skip_unavailable': False, 'install_base': '/home/ryzzo/ros2_ws/install/distance_pkg', 'merge_install': False, 'path': '/home/ryzzo/ros2_ws/src/distance_pkg', 'symlink_install': False, 'test_result_base': None}
[1.677s] INFO:colcon.colcon_core.executor:Executing jobs using 'parallel' executor
[1.681s] DEBUG:colcon.colcon_parallel_executor.executor.parallel:run_until_complete
[1.682s] INFO:colcon.colcon_ros.task.ament_python.build:Building ROS package in '/home/ryzzo/ros2_ws/src/distance_pkg' with build type 'ament_python'
[1.683s] Level 1:colcon.colcon_core.shell:create_environment_hook('distance_pkg', 'ament_prefix_path')
[1.693s] INFO:colcon.colcon_core.plugin_system:Skipping extension 'colcon_core.shell.bat': Not used on non-Windows systems
[1.694s] INFO:colcon.colcon_core.shell:Creating environment hook '/home/ryzzo/ros2_ws/install/distance_pkg/share/distance_pkg/hook/ament_prefix_path.ps1'
[1.698s] INFO:colcon.colcon_core.shell:Creating environment descriptor '/home/ryzzo/ros2_ws/install/distance_pkg/share/distance_pkg/hook/ament_prefix_path.dsv'
[1.700s] INFO:colcon.colcon_core.shell:Creating environment hook '/home/ryzzo/ros2_ws/install/distance_pkg/share/distance_pkg/hook/ament_prefix_path.sh'
[1.704s] INFO:colcon.colcon_core.shell:Skip shell extension 'powershell' for command environment: Not usable outside of PowerShell
[1.705s] DEBUG:colcon.colcon_core.shell:Skip shell extension 'dsv' for command environment
[2.872s] INFO:colcon.colcon_core.task.python.build:Building Python package in '/home/ryzzo/ros2_ws/src/distance_pkg'
[2.873s] INFO:colcon.colcon_core.shell:Skip shell extension 'powershell' for command environment: Not usable outside of PowerShell
[2.873s] DEBUG:colcon.colcon_core.shell:Skip shell extension 'dsv' for command environment
[4.946s] DEBUG:colcon.colcon_core.task.python.build:Available setuptools commands: check, clean, install_egg_info, install_scripts, symlink_data, install_data, build, bdist, extract_messages, setopt, saveopts, install, bdist_egg, upload_docs, build_ext, init_catalog, test, build_clib, install_headers, register, alias, bdist_rpm, install_lib, compile_catalog, bdist_dumb, egg_info, update_catalog, build_py, sdist, bdist_wheel, upload, dist_info, build_scripts, easy_install, develop, rotate
[5.007s] DEBUG:colcon.colcon_core.event_handler.log_command:Invoking command in '/home/ryzzo/ros2_ws/src/distance_pkg': PYTHONPATH=/home/ryzzo/ros2_ws/build/distance_pkg/prefix_override:/usr/lib/python3/dist-packages/colcon_core/task/python/colcon_distutils_commands:/home/ryzzo/ros2_ws/install/distance_pkg/lib/python3.10/site-packages:${PYTHONPATH} VIRTUAL_ENV_PROMPT=(ros_venv) /usr/bin/python3 -W ignore:setup.py install is deprecated -W ignore:easy_install command is deprecated setup.py egg_info --egg-base ../../build/distance_pkg build --build-base /home/ryzzo/ros2_ws/build/distance_pkg/build install --record /home/ryzzo/ros2_ws/build/distance_pkg/install.log --install-scripts $base/lib/distance_pkg --single-version-externally-managed install_data
[6.330s] DEBUG:colcon.colcon_core.event_handler.log_command:Invoked command in '/home/ryzzo/ros2_ws/src/distance_pkg' returned '0': PYTHONPATH=/home/ryzzo/ros2_ws/build/distance_pkg/prefix_override:/usr/lib/python3/dist-packages/colcon_core/task/python/colcon_distutils_commands:/home/ryzzo/ros2_ws/install/distance_pkg/lib/python3.10/site-packages:${PYTHONPATH} VIRTUAL_ENV_PROMPT=(ros_venv) /usr/bin/python3 -W ignore:setup.py install is deprecated -W ignore:easy_install command is deprecated setup.py egg_info --egg-base ../../build/distance_pkg build --build-base /home/ryzzo/ros2_ws/build/distance_pkg/build install --record /home/ryzzo/ros2_ws/build/distance_pkg/install.log --install-scripts $base/lib/distance_pkg --single-version-externally-managed install_data
[6.346s] Level 1:colcon.colcon_core.environment:checking '/home/ryzzo/ros2_ws/install/distance_pkg' for CMake module files
[6.349s] Level 1:colcon.colcon_core.environment:checking '/home/ryzzo/ros2_ws/install/distance_pkg' for CMake config files
[6.353s] Level 1:colcon.colcon_core.environment:checking '/home/ryzzo/ros2_ws/install/distance_pkg/lib'
[6.353s] Level 1:colcon.colcon_core.environment:checking '/home/ryzzo/ros2_ws/install/distance_pkg/bin'
[6.354s] Level 1:colcon.colcon_core.environment:checking '/home/ryzzo/ros2_ws/install/distance_pkg/lib/pkgconfig/distance_pkg.pc'
[6.355s] Level 1:colcon.colcon_core.environment:checking '/home/ryzzo/ros2_ws/install/distance_pkg/lib/python3.10/site-packages'
[6.355s] Level 1:colcon.colcon_core.shell:create_environment_hook('distance_pkg', 'pythonpath')
[6.356s] INFO:colcon.colcon_core.shell:Creating environment hook '/home/ryzzo/ros2_ws/install/distance_pkg/share/distance_pkg/hook/pythonpath.ps1'
[6.358s] INFO:colcon.colcon_core.shell:Creating environment descriptor '/home/ryzzo/ros2_ws/install/distance_pkg/share/distance_pkg/hook/pythonpath.dsv'
[6.360s] INFO:colcon.colcon_core.shell:Creating environment hook '/home/ryzzo/ros2_ws/install/distance_pkg/share/distance_pkg/hook/pythonpath.sh'
[6.363s] Level 1:colcon.colcon_core.environment:checking '/home/ryzzo/ros2_ws/install/distance_pkg/bin'
[6.363s] Level 1:colcon.colcon_core.environment:create_environment_scripts_only(distance_pkg)
[6.364s] INFO:colcon.colcon_core.shell:Creating package script '/home/ryzzo/ros2_ws/install/distance_pkg/share/distance_pkg/package.ps1'
[6.370s] INFO:colcon.colcon_core.shell:Creating package descriptor '/home/ryzzo/ros2_ws/install/distance_pkg/share/distance_pkg/package.dsv'
[6.372s] INFO:colcon.colcon_core.shell:Creating package script '/home/ryzzo/ros2_ws/install/distance_pkg/share/distance_pkg/package.sh'
[6.376s] INFO:colcon.colcon_core.shell:Creating package script '/home/ryzzo/ros2_ws/install/distance_pkg/share/distance_pkg/package.bash'
[6.379s] INFO:colcon.colcon_core.shell:Creating package script '/home/ryzzo/ros2_ws/install/distance_pkg/share/distance_pkg/package.zsh'
[6.383s] Level 1:colcon.colcon_core.environment:create_file_with_runtime_dependencies(/home/ryzzo/ros2_ws/install/distance_pkg/share/colcon-core/packages/distance_pkg)
[6.384s] DEBUG:colcon.colcon_parallel_executor.executor.parallel:closing loop
[6.386s] DEBUG:colcon.colcon_parallel_executor.executor.parallel:loop closed
[6.387s] DEBUG:colcon.colcon_parallel_executor.executor.parallel:run_until_complete finished with '0'
[6.387s] DEBUG:colcon.colcon_core.event_reactor:joining thread
[6.388s] DEBUG:colcon.colcon_core.event_reactor:joined thread
[6.389s] INFO:colcon.colcon_core.shell:Creating prefix script '/home/ryzzo/ros2_ws/install/local_setup.ps1'
[6.394s] INFO:colcon.colcon_core.shell:Creating prefix util module '/home/ryzzo/ros2_ws/install/_local_setup_util_ps1.py'
[6.401s] INFO:colcon.colcon_core.shell:Creating prefix chain script '/home/ryzzo/ros2_ws/install/setup.ps1'
[6.406s] INFO:colcon.colcon_core.shell:Creating prefix script '/home/ryzzo/ros2_ws/install/local_setup.sh'
[6.409s] INFO:colcon.colcon_core.shell:Creating prefix util module '/home/ryzzo/ros2_ws/install/_local_setup_util_sh.py'
[6.412s] INFO:colcon.colcon_core.shell:Creating prefix chain script '/home/ryzzo/ros2_ws/install/setup.sh'
[6.416s] INFO:colcon.colcon_core.shell:Creating prefix script '/home/ryzzo/ros2_ws/install/local_setup.bash'
[6.418s] INFO:colcon.colcon_core.shell:Creating prefix chain script '/home/ryzzo/ros2_ws/install/setup.bash'
[6.423s] INFO:colcon.colcon_core.shell:Creating prefix script '/home/ryzzo/ros2_ws/install/local_setup.zsh'
[6.425s] INFO:colcon.colcon_core.shell:Creating prefix chain script '/home/ryzzo/ros2_ws/install/setup.zsh'
