/home/ryzzo/ros2_ws/install/distance_pkg/lib/python3.10/site-packages/distance_pkg/__init__.py
/home/ryzzo/ros2_ws/install/distance_pkg/lib/python3.10/site-packages/distance_pkg/distance_subscriber.py
/home/ryzzo/ros2_ws/install/distance_pkg/lib/python3.10/site-packages/distance_pkg/distance_publisher.py
/home/ryzzo/ros2_ws/install/distance_pkg/lib/python3.10/site-packages/distance_pkg/led_controller.py
/home/ryzzo/ros2_ws/install/distance_pkg/lib/python3.10/site-packages/distance_pkg/__pycache__/__init__.cpython-310.pyc
/home/ryzzo/ros2_ws/install/distance_pkg/lib/python3.10/site-packages/distance_pkg/__pycache__/distance_subscriber.cpython-310.pyc
/home/ryzzo/ros2_ws/install/distance_pkg/lib/python3.10/site-packages/distance_pkg/__pycache__/distance_publisher.cpython-310.pyc
/home/ryzzo/ros2_ws/install/distance_pkg/lib/python3.10/site-packages/distance_pkg/__pycache__/led_controller.cpython-310.pyc
/home/ryzzo/ros2_ws/install/distance_pkg/share/ament_index/resource_index/packages/distance_pkg
/home/ryzzo/ros2_ws/install/distance_pkg/share/distance_pkg/package.xml
/home/ryzzo/ros2_ws/install/distance_pkg/lib/python3.10/site-packages/distance_pkg-0.0.0-py3.10.egg-info/PKG-INFO
/home/ryzzo/ros2_ws/install/distance_pkg/lib/python3.10/site-packages/distance_pkg-0.0.0-py3.10.egg-info/top_level.txt
/home/ryzzo/ros2_ws/install/distance_pkg/lib/python3.10/site-packages/distance_pkg-0.0.0-py3.10.egg-info/SOURCES.txt
/home/ryzzo/ros2_ws/install/distance_pkg/lib/python3.10/site-packages/distance_pkg-0.0.0-py3.10.egg-info/entry_points.txt
/home/ryzzo/ros2_ws/install/distance_pkg/lib/python3.10/site-packages/distance_pkg-0.0.0-py3.10.egg-info/requires.txt
/home/ryzzo/ros2_ws/install/distance_pkg/lib/python3.10/site-packages/distance_pkg-0.0.0-py3.10.egg-info/dependency_links.txt
/home/ryzzo/ros2_ws/install/distance_pkg/lib/python3.10/site-packages/distance_pkg-0.0.0-py3.10.egg-info/zip-safe
/home/ryzzo/ros2_ws/install/distance_pkg/lib/distance_pkg/distance_publisher
/home/ryzzo/ros2_ws/install/distance_pkg/lib/distance_pkg/distance_subscriber
/home/ryzzo/ros2_ws/install/distance_pkg/lib/distance_pkg/led_controller
